// Jest Snapshot v1, https://goo.gl/fbAQLP

exports[`SwrExampleContainer renders correctly and matches snapshot 1`] = `
<div>
  <style
    data-mantine-styles="classes"
  >
    @media (max-width: 35.99375em) {.mantine-visible-from-xs {display: none !important;}}@media (min-width: 36em) {.mantine-hidden-from-xs {display: none !important;}}@media (max-width: 47.99375em) {.mantine-visible-from-sm {display: none !important;}}@media (min-width: 48em) {.mantine-hidden-from-sm {display: none !important;}}@media (max-width: 61.99375em) {.mantine-visible-from-md {display: none !important;}}@media (min-width: 62em) {.mantine-hidden-from-md {display: none !important;}}@media (max-width: 74.99375em) {.mantine-visible-from-lg {display: none !important;}}@media (min-width: 75em) {.mantine-hidden-from-lg {display: none !important;}}@media (max-width: 87.99375em) {.mantine-visible-from-xl {display: none !important;}}@media (min-width: 88em) {.mantine-hidden-from-xl {display: none !important;}}
  </style>
  <div>
    <button
      class="mantine-focus-auto mantine-active m_77c9d27d mantine-Button-root m_87cf2631 mantine-UnstyledButton-root"
      data-variant="disabled"
      type="button"
    >
      <span
        class="m_80f1301b mantine-Button-inner"
      >
        <span
          class="m_811560b9 mantine-Button-label"
        >
          SWR
        </span>
      </span>
    </button>
    <button
      class="mantine-focus-auto mantine-active m_77c9d27d mantine-Button-root m_87cf2631 mantine-UnstyledButton-root"
      data-variant="default"
      style="--button-bg: var(--mantine-color-default); --button-hover: var(--mantine-color-default-hover); --button-color: var(--mantine-color-default-color); --button-bd: calc(0.0625rem * var(--mantine-scale)) solid var(--mantine-color-default-border);"
      type="button"
    >
      <span
        class="m_80f1301b mantine-Button-inner"
      >
        <span
          class="m_811560b9 mantine-Button-label"
        >
          SWR
        </span>
      </span>
    </button>
    <button
      class="mantine-focus-auto mantine-active m_77c9d27d mantine-Button-root m_87cf2631 mantine-UnstyledButton-root"
      data-variant="danger"
      type="button"
    >
      <span
        class="m_80f1301b mantine-Button-inner"
      >
        <span
          class="m_811560b9 mantine-Button-label"
        >
          SWR
        </span>
      </span>
    </button>
    <div>
      {"id":"c7b3d8e0-5e0b-4b0f-8b3a-3b9f4b3d3b3d","firstName":"John","lastName":"Maverick"}
    </div>
  </div>
</div>
`;
